
=== DIAG Sat May  2 01:49:19 2026 ===
ctld = table: 0000020FE9665B28
CTLDTroopManager = table: 0000020FEFA1F4A8
CTLDJTACManager = table: 0000020FEFA20A68
CTLDObjectRegistry = table: 0000020FEFA1E368
trigger = table: 0000020E634D6CA8
world = table: 0000020E634D6E28
ctld.utils = table: 0000020FEFA1E268

=== GETINSTANCE DIAG Sat May  2 01:51:46 2026 ===
CTLDTroopManager type = table
rawget(CTLDTroopManager, 'getInstance') = function: 0000020FEA6B5D30
rawget(CTLDTroopManager, '_instance') = table: 0000020FEFA26968
CTLDTroopManager.getInstance = function: 0000020FEA6B5D30
CTLDTroopManager keys (#=52): _ROLE_ORDER, _ROLE_WEIGHTS, _UNIT_TYPES, __index, _callsign, _countDroppedTroops, _findGroupByAliveUnit, _findNearestDropped, _findTemplate, _instance, _isInAir, _loadUserConfig, _menuCheckCargo, _menuUnloadOrExtract, _registerOneTemplate, _registerTemplates, _removeFromDropped, _resolveTemplateForLegacy, _safeToFastRope, _transportLimit, _updateWeight, buildMenu, buildMenuSection, cleanupDeadGroups, cleanupDeadTransports, createLoadableGroup, disableLoadableGroup, disembark, editLoadableGroup, embarkFromField, embarkFromTroopZone, enableLoadableGroup, getInTransit, getInstance, getWeight, hasTroops, init, loadTransport, new, onUnitDead, parachuteTroops, preLoadTransport, refreshMenuSection, removeLoadableGroup, returnToTroopZone, setParachuteEffect, spawnGroupAtPoint, spawnGroupAtTrigger, startGroupCountWatcher, startUnitCountWatcher, unloadInProximityToEnemy, unloadTransport
pcall getInstance: ok=true res=table: 0000020FEFA26968

=== PCALL TEST Sat May  2 01:55:13 2026 ===
CTLDTroopManager type: table
CTLDTroopManager.getInstance: function: 0000020FEA6B5D30
pcall ok=true res=table: 0000020FEFA26968
Instance has onUnitDead: function
Instance has _inTransit: table
ctld.utils.log: function: 0000020EEF574808
ctld.utils.log ok=true err=nil

=== DIAG Tue May  5 00:47:56 2026 ===
ctld = table: 0000021352788E88
CTLDTroopManager = table: 0000021475A26AA8
CTLDJTACManager = table: 0000021475A28068
CTLDObjectRegistry = table: 0000021475A25968
trigger = table: 0000021384620828
world = table: 00000213846209A8
ctld.utils = table: 0000021475A25868
